// Jest Snapshot v1, https://goo.gl/fbAQLP

exports[`testing Chart component should render correctly 1`] = `
<canvas
  height={400}
  style={
    Object {
      "margin": "auto",
      "width": "60%",
    }
  }
  width={600}
/>
`;
